// Jest Snapshot v1, https://goo.gl/fbAQLP

exports[`testing card component loading matches snapshot 1`] = `
<div
  className="container-spinner"
  data-testid="loading"
>
  <div
    className="ant-spin ant-spin-lg ant-spin-spinning ant-spin-show-text"
  >
    <span
      className="ant-spin-dot ant-spin-dot-spin"
    >
      <i
        className="ant-spin-dot-item"
      />
      <i
        className="ant-spin-dot-item"
      />
      <i
        className="ant-spin-dot-item"
      />
      <i
        className="ant-spin-dot-item"
      />
    </span>
    <div
      className="ant-spin-text"
    >
      Loading...
    </div>
  </div>
</div>
`;
